08-uninitialised-memory/004-FAIL-uninitialised-memory-rval.x:20:9: undefined memory access: i has no value (main)
