7-use-after-free/010-FAIL-freed-ptr-dangling-return.x:13:8: cannot exec statement: unjustified indirection (rvalue)
