7-use-after-free/110-FAIL-stack-frame-pop-dangling-assign.x:22:8: cannot exec statement: unjustified indirection (rvalue)
