7-use-after-free/300-FAIL-struct-free-ptr-dangling.x:45:18: cannot exec statement: parameter 's' must be lvalue
