leak | #1 âˆˆ {?0}: actual and abstract states differ
