stdlib.h:14:24: precondition failure: argument of `ptr' must be lvalue (free)
	00-basic/130-FAIL-double-free.x:10:9 (unit)
