test | $0 | $1: actual and abstract states differ
