test | $0 âˆˆ {?0, 1?}: actual and abstract states differ
