01-branches/0901-FAIL-subsequent.x:29:17: cannot verify complex expressions: `n!=g(x)' (test | #1)
