8-uninitialised-memory/000-FAIL-uninitialised-memory-rval.x:7:7: cannot exec statement: undefined memory access: `j' has no value
