11-bounds-cbvi/151-FAIL-binary-value-split-constant-first.x:5:23: undefined memory access: *(arr+index) has no value (foo | #0 âˆˆ 0)
