11-bounds-cbvi/200-FAIL-binary-binary-value-split.x:21:19: undefined memory access: *(arr+1) has no value (foo | #0 ∈ {0} | #1 ∈ {0})
