11-bounds-cbvi/210-FAIL-overflow.x:12:19: out of bounds (foo)
