11-bounds-cbvi/300-FAIL-basic.x:18:12: out of bounds (main)
