11-bounds-cbvi/310-FAIL-less-than-restrict.x:12:3: out of bounds (foo | #0 âˆˆ {0?3})
