02-loops/020-FAIL-loop-conclusion.x:11:14: cannot verify statement (unit | #0 âˆˆ {9})
