02-loops/110-FAIL-invalid-bounds.x:4:42: infeasible system requires 0 <= -51 (unit)
