10-bounds-cbci/000-FAIL-constant.x:8:10: out of bounds (foo)
