10-bounds-cbci/210-FAIL-2D-array.x:8:14: out of bounds (foo)
