07-use-after-free/101-FAIL-rvalue-use-after-free.x:12:8: undefined memory access: *(p) has no value (func)
