07-use-after-free/200-FAIL-stack-frame-pop-dangling-return.x:19:8: undefined indirection: *(p) is rconst not lvalue (main)
