07-use-after-free/400-FAIL-conditions-in-setup.x:6:3: setup preconditions must be decidable (modify2)
