06-preconditions/103-FAIL-need-clump-lval-assigned-ptr.x:5:22: precondition failure: parameter `x' of `func' must be lvalue (func)
	06-preconditions/103-FAIL-need-clump-lval-assigned-ptr.x:16:9 (main)
