10-bounds-cbci/010-FAIL-constant-malloc.x:13:10: out of bounds (foo)
