test | $0 ∈ {?0} | $1 ∈ {?0}: return value must be pointing at something
