test | $0 âˆˆ {?0}: return value must be pointing at something
