01-branches/0901-FAIL-subsequent.x:37:17: cannot verify complex expressions: `n!=g(x)' (test | #1 âˆˆ {?0})
