matrix_create, matrix_print, matrix_destroy, matrix_add, main
