09-calls/400-FAIL-no-return-value.x:6:10: returned expression has no value (f)
