08-uninitialised-memory/002-FAIL-uninitialised-memory-rval.x:9:8: undefined indirection: *(q) has no value (undefined_memory2)
