6-preconditions/103-FAIL-need-clump-lval-assigned-ptr.x:16:9: cannot exec statement: parameter 'x' must be lvalue
