1-branches/1100-FAIL-branch-double-free.x:14:1:foo | $0 | $1: 
       stdlib.h:10:31:free: double free
