0-basic/140-FAIL-sync-free.x:6:9: cannot exec statement: dealloc on non-location
