11-bounds-cbvi/000-FAIL-basic.x:19:8: `i' could be out of bounds 
