12-bounds-vbci/010-FAIL-off-by-one.x:4:12: out of bounds (access)
