function `allocating' prototype and definition abstracts mismatch
