stdlib.h:10:31: double free (free)
	00-basic/170-FAIL-double-free.x:11:9 (unit)
